Disassembly of data contents:
  0x200:                               | .pos 0x200 data
  0x200: 88 77 66 55 44 33 22 11       |   .quad 0x1122334455667788
  0x208: 78 56 34 12 00 00 00 00       |   .quad 0x12345678
  0x210: 42 00 00 00 00 00 00 00       |   .quad 0x42

