Disassembly of executable contents:
  0x100:                               | .pos 0x100 code
  0x100:                               | _start:
  0x100: 30 f0 88 77 66 55 44 33 22 11 |   irmovq 0x1122334455667788, %rax
  0x10a: 40 12 21 43 65 87 78 56 34 12 |   rmmovq %rcx, 0x1234567887654321(%rdx)
  0x114: 50 12 78 56 34 12 21 43 65 87 |   mrmovq 0x8765432112345678(%rdx), %rcx
  0x11e: 40 1f 21 43 65 87 78 56 34 12 |   rmmovq %rcx, 0x1234567887654321
  0x128: 50 1f 78 56 34 12 21 43 65 87 |   mrmovq 0x8765432112345678, %rcx

